  ▲ Next.js 14.2.5

   Creating an optimized production build ...
 ✓ Compiled successfully
   Linting and checking validity of types ...
   Collecting page data ...
   Generating static pages (0/8) ...
   Generating static pages (2/8) 
   Generating static pages (4/8) 
.\node_modules\.bin\next.cmd :  ⚠ Sending SIGTERM signal to static worker due to timeout of 60 seconds. Subsequent erro
rs may be a result of the worker exiting.
At line:15 char:6285
+ ... esktop\tgirl\toyou" ; .\node_modules\.bin\next.cmd build 2>&1 | Out-F ...
+                           ~~~~~~~~~~~~~~~~~~~~~~~~~~~~~~~~~~~~~~~
    + CategoryInfo          : NotSpecified: ( ⚠ Sending SIGT...worker exiting.:String) [], RemoteException
    + FullyQualifiedErrorId : NativeCommandError
 
   Generating static pages (6/8) 
 ⨯ Static worker exited with code: null and signal: SIGTERM
 ⨯ Static worker exited with code: null and signal: SIGTERM
 ⨯ Static worker exited with code: null and signal: SIGTERM
 ⨯ Static worker exited with code: null and signal: SIGTERM
 ⨯ Static worker exited with code: null and signal: SIGTERM
 ⨯ Static worker exited with code: null and signal: SIGTERM
 ⚠ Restarted static page generation for /404 because it took more than 60 seconds
 ⚠ See more info here https://nextjs.org/docs/messages/static-page-generation-timeout
 ⚠ Restarted static page generation for /500 because it took more than 60 seconds
 ✓ Generating static pages (8/8)
   Finalizing page optimization ...
   Collecting build traces ...

Route (app)                              Size     First Load JS
┌ ○ /                                    5.2 kB          256 kB
├ ○ /_not-found                          871 B          87.9 kB
├ ○ /admin                               6.85 kB         258 kB
├ ○ /birthday                            2.85 kB         258 kB
├ ○ /confession                          2.8 kB          258 kB
└ ○ /login                               3.21 kB         127 kB
+ First Load JS shared by all            87.1 kB
  ├ chunks/23-68b493f91180a142.js        31.5 kB
  ├ chunks/fd9d1056-00bb33a35b5f8051.js  53.6 kB
  └ other shared chunks (total)          1.89 kB


○  (Static)  prerendered as static content

